Flutter crash report.
Please report a bug at https://github.com/flutter/flutter/issues.

## command

flutter run --machine --start-paused -d 3bfbf783461e --devtools-server-address http://127.0.0.1:9104/ --target D:\Anbu\Verifyt\newverifytapp\lib\main.dart

## exception

OutOfMemoryError: Out of Memory

```
#0      new Uint8List (dart:typed_data-patch/typed_data_patch.dart:2236:3)
#1      Uint8Buffer._createBuffer (package:typed_data/src/typed_buffer.dart:328:40)
#2      TypedDataBuffer._createBiggerBuffer (package:typed_data/src/typed_buffer.dart:259:12)
#3      TypedDataBuffer._ensureCapacity (package:typed_data/src/typed_buffer.dart:241:21)
#4      TypedDataBuffer._insertKnownLength (package:typed_data/src/typed_buffer.dart:209:5)
#5      TypedDataBuffer._addAll (package:typed_data/src/typed_buffer.dart:186:7)
#6      TypedDataBuffer.addAll (package:typed_data/src/typed_buffer.dart:91:5)
#7      HashSink.add (package:crypto/src/hash_sink.dart:79:18)
#8      _ByteAdapterSink.add (dart:convert/byte_conversion.dart:49:11)
#9      Hash.convert (package:crypto/src/hash.dart:28:15)
#10     _calculateSha (package:flutter_tools/src/android/gradle.dart:934:20)
#11     AndroidGradleBuilder.buildGradleApp (package:flutter_tools/src/android/gradle.dart:594:36)
#12     _rootRunUnary (dart:async/zone.dart:1407:47)
#13     _CustomZone.runUnary (dart:async/zone.dart:1308:19)
#14     _FutureListener.handleValue (dart:async/future_impl.dart:162:18)
#15     Future._propagateToListeners.handleValueCallback (dart:async/future_impl.dart:838:45)
#16     Future._propagateToListeners (dart:async/future_impl.dart:867:13)
#17     Future._completeWithValue (dart:async/future_impl.dart:643:5)
#18     Future._asyncCompleteWithValue.<anonymous closure> (dart:async/future_impl.dart:713:7)
#19     _rootRun (dart:async/zone.dart:1399:13)
#20     _CustomZone.run (dart:async/zone.dart:1301:19)
#21     _CustomZone.runGuarded (dart:async/zone.dart:1209:7)
#22     _CustomZone.bindCallbackGuarded.<anonymous closure> (dart:async/zone.dart:1249:23)
#23     _microtaskLoop (dart:async/schedule_microtask.dart:40:21)
#24     _startMicrotaskLoop (dart:async/schedule_microtask.dart:49:5)
#25     _RawReceivePort._handleMessage (dart:isolate-patch/isolate_patch.dart:185:5)
```

## flutter doctor

```
[✓] Flutter (Channel stable, 3.19.6, on Microsoft Windows [Version 10.0.19045.5371], locale en-IN)
    • Flutter version 3.19.6 on channel stable at C:\src\flutter
    • Upstream repository https://github.com/flutter/flutter.git
    • Framework revision 54e66469a9 (10 months ago), 2024-04-17 13:08:03 -0700
    • Engine revision c4cd48e186
    • Dart version 3.3.4
    • DevTools version 2.31.1

[✓] Windows Version (Installed version of Windows is version 10 or higher)

[!] Android toolchain - develop for Android devices (Android SDK version 35.0.0)
    • Android SDK at C:\Users\USER\AppData\Local\Android\sdk
    • Platform android-35-ext14, build-tools 35.0.0
    • Java binary at: C:\Program Files\Java\jdk-17\bin\java
    • Java version Java(TM) SE Runtime Environment (build 17.0.7+8-LTS-224)
    ✗ Android license status unknown.
      Run `flutter doctor --android-licenses` to accept the SDK licenses.
      See https://flutter.dev/docs/get-started/install/windows#android-setup for more details.

[✓] Chrome - develop for the web
    • Chrome at C:\Program Files\Google\Chrome\Application\chrome.exe

[✗] Visual Studio - develop Windows apps
    ✗ Visual Studio not installed; this is necessary to develop Windows apps.
      Download at https://visualstudio.microsoft.com/downloads/.
      Please install the "Desktop development with C++" workload, including all of its default components

[✓] Android Studio (version 2024.2)
    • Android Studio at C:\Program Files\Android\Android Studio
    • Flutter plugin can be installed from:
      🔨 https://plugins.jetbrains.com/plugin/9212-flutter
    • Dart plugin can be installed from:
      🔨 https://plugins.jetbrains.com/plugin/6351-dart
    • Java version OpenJDK Runtime Environment (build 21.0.3+-12282718-b509.11)

[✓] VS Code (version 1.96.4)
    • VS Code at C:\Users\USER\AppData\Local\Programs\Microsoft VS Code
    • Flutter extension version 3.102.0

[✓] Connected device (4 available)
    • 23076PC4BI (mobile) • 3bfbf783461e • android-arm64  • Android 15 (API 35)
    • Windows (desktop)   • windows      • windows-x64    • Microsoft Windows [Version 10.0.19045.5371]
    • Chrome (web)        • chrome       • web-javascript • Google Chrome 132.0.6834.160
    • Edge (web)          • edge         • web-javascript • Microsoft Edge 132.0.2957.127

[✓] Network resources
    • All expected network resources are available.

! Doctor found issues in 2 categories.
```
